[2026-09-17T13:49:56.901+0000] {local_task_job_runner.py:123} INFO - ::group::Pre task execution logs
[2026-09-17T13:49:56.970+0000] {taskinstance.py:2614} INFO - Dependencies all met for dep_context=non-requeueable deps ti=<TaskInstance: etl_sederhana_25_572885_PPA_07200.load_data manual__2026-09-17T13:48:36.416807+00:00 [queued]>
[2026-09-17T13:49:57.026+0000] {taskinstance.py:2614} INFO - Dependencies all met for dep_context=requeueable deps ti=<TaskInstance: etl_sederhana_25_572885_PPA_07200.load_data manual__2026-09-17T13:48:36.416807+00:00 [queued]>
[2026-09-17T13:49:57.031+0000] {taskinstance.py:2867} INFO - Starting attempt 1 of 2
[2026-09-17T13:49:57.133+0000] {taskinstance.py:2890} INFO - Executing <Task(PythonOperator): load_data> on 2026-09-17 13:48:36.416807+00:00
[2026-09-17T13:49:57.252+0000] {standard_task_runner.py:104} INFO - Running: ['airflow', 'tasks', 'run', 'etl_sederhana_25_572885_PPA_07200', 'load_data', 'manual__2026-09-17T13:48:36.416807+00:00', '--job-id', '18', '--raw', '--subdir', 'DAGS_FOLDER/etl_sederhana_25_572885_PPA_07200.py', '--cfg-path', '/tmp/tmpdtd09a39']
[2026-09-17T13:49:57.289+0000] {logging_mixin.py:190} WARNING - /home/airflow/.local/lib/python3.12/site-packages/airflow/task/task_runner/standard_task_runner.py:70 DeprecationWarning: This process (pid=519) is multi-threaded, use of fork() may lead to deadlocks in the child.
[2026-09-17T13:49:57.291+0000] {standard_task_runner.py:105} INFO - Job 18: Subtask load_data
[2026-09-17T13:49:57.295+0000] {standard_task_runner.py:72} INFO - Started process 541 to run task
[2026-09-17T13:49:57.510+0000] {task_command.py:467} INFO - Running <TaskInstance: etl_sederhana_25_572885_PPA_07200.load_data manual__2026-09-17T13:48:36.416807+00:00 [running]> on host d74b72883bb0
[2026-09-17T13:49:57.677+0000] {taskinstance.py:3134} INFO - Exporting env vars: AIRFLOW_CTX_DAG_OWNER='25/572885/PPA/07200' AIRFLOW_CTX_DAG_ID='etl_sederhana_25_572885_PPA_07200' AIRFLOW_CTX_TASK_ID='load_data' AIRFLOW_CTX_EXECUTION_DATE='2026-09-17T13:48:36.416807+00:00' AIRFLOW_CTX_TRY_NUMBER='1' AIRFLOW_CTX_DAG_RUN_ID='manual__2026-09-17T13:48:36.416807+00:00'
[2026-09-17T13:49:57.686+0000] {taskinstance.py:732} INFO - ::endgroup::
[2026-09-17T13:49:57.738+0000] {etl_sederhana_25_572885_PPA_07200.py:198} INFO - [LOAD] mulai | file=/opt/airflow/data/staging/transformed.csv
[2026-09-17T13:49:57.867+0000] {etl_sederhana_25_572885_PPA_07200.py:210} INFO - [LOAD] written=616 | path=/opt/airflow/data/output/sales_daily.csv | size_bytes=15266
[2026-09-17T13:49:57.935+0000] {etl_sederhana_25_572885_PPA_07200.py:215} INFO - [LOAD] written_category=4 | path=/opt/airflow/data/output/sales_by_category.csv
[2026-09-17T13:49:58.556+0000] {etl_sederhana_25_572885_PPA_07200.py:193} INFO - [LOAD] chart=/opt/airflow/docs/chart_total_sales_harian.png
[2026-09-17T13:49:58.560+0000] {etl_sederhana_25_572885_PPA_07200.py:222} INFO - [LOAD] selesai
[2026-09-17T13:49:58.565+0000] {python.py:240} INFO - Done. Returned value was: None
[2026-09-17T13:49:58.581+0000] {taskinstance.py:341} INFO - ::group::Post task execution logs
[2026-09-17T13:49:58.586+0000] {taskinstance.py:353} INFO - Marking task as SUCCESS. dag_id=etl_sederhana_25_572885_PPA_07200, task_id=load_data, run_id=manual__2026-09-17T13:48:36.416807+00:00, execution_date=20260917T134836, start_date=20260917T134956, end_date=20260917T134958
[2026-09-17T13:49:58.764+0000] {local_task_job_runner.py:266} INFO - Task exited with return code 0
[2026-09-17T13:49:58.806+0000] {taskinstance.py:3901} INFO - 0 downstream tasks scheduled from follow-on schedule check
[2026-09-17T13:49:58.810+0000] {local_task_job_runner.py:245} INFO - ::endgroup::
