[2026-09-17T17:04:10.977+0000] {local_task_job_runner.py:123} INFO - ::group::Pre task execution logs
[2026-09-17T17:04:10.993+0000] {taskinstance.py:2614} INFO - Dependencies all met for dep_context=non-requeueable deps ti=<TaskInstance: etl_sederhana_25_572885_PPA_07200.load_data manual__2026-09-17T17:03:03.311226+00:00 [queued]>
[2026-09-17T17:04:11.003+0000] {taskinstance.py:2614} INFO - Dependencies all met for dep_context=requeueable deps ti=<TaskInstance: etl_sederhana_25_572885_PPA_07200.load_data manual__2026-09-17T17:03:03.311226+00:00 [queued]>
[2026-09-17T17:04:11.011+0000] {taskinstance.py:2867} INFO - Starting attempt 1 of 2
[2026-09-17T17:04:11.041+0000] {taskinstance.py:2890} INFO - Executing <Task(PythonOperator): load_data> on 2026-09-17 17:03:03.311226+00:00
[2026-09-17T17:04:11.071+0000] {standard_task_runner.py:104} INFO - Running: ['airflow', 'tasks', 'run', 'etl_sederhana_25_572885_PPA_07200', 'load_data', 'manual__2026-09-17T17:03:03.311226+00:00', '--job-id', '26', '--raw', '--subdir', 'DAGS_FOLDER/etl_sederhana_25_572885_PPA_07200.py', '--cfg-path', '/tmp/tmp5oqkixr8']
[2026-09-17T17:04:11.074+0000] {logging_mixin.py:190} WARNING - /home/airflow/.local/lib/python3.12/site-packages/airflow/task/task_runner/standard_task_runner.py:70 DeprecationWarning: This process (pid=4183) is multi-threaded, use of fork() may lead to deadlocks in the child.
[2026-09-17T17:04:11.077+0000] {standard_task_runner.py:105} INFO - Job 26: Subtask load_data
[2026-09-17T17:04:11.079+0000] {standard_task_runner.py:72} INFO - Started process 4205 to run task
[2026-09-17T17:04:11.159+0000] {task_command.py:467} INFO - Running <TaskInstance: etl_sederhana_25_572885_PPA_07200.load_data manual__2026-09-17T17:03:03.311226+00:00 [running]> on host d74b72883bb0
[2026-09-17T17:04:11.255+0000] {taskinstance.py:3134} INFO - Exporting env vars: AIRFLOW_CTX_DAG_OWNER='25/572885/PPA/07200' AIRFLOW_CTX_DAG_ID='etl_sederhana_25_572885_PPA_07200' AIRFLOW_CTX_TASK_ID='load_data' AIRFLOW_CTX_EXECUTION_DATE='2026-09-17T17:03:03.311226+00:00' AIRFLOW_CTX_TRY_NUMBER='1' AIRFLOW_CTX_DAG_RUN_ID='manual__2026-09-17T17:03:03.311226+00:00'
[2026-09-17T17:04:11.258+0000] {taskinstance.py:732} INFO - ::endgroup::
[2026-09-17T17:04:11.287+0000] {etl_sederhana_25_572885_PPA_07200.py:216} INFO - [LOAD] mulai | file=/opt/airflow/data/staging/transformed.csv
[2026-09-17T17:04:11.576+0000] {etl_sederhana_25_572885_PPA_07200.py:228} INFO - [LOAD] written=616 | path=/opt/airflow/data/output/sales_daily.csv | size_bytes=15266
[2026-09-17T17:04:11.618+0000] {etl_sederhana_25_572885_PPA_07200.py:233} INFO - [LOAD] written_category=4 | path=/opt/airflow/data/output/sales_by_category.csv
[2026-09-17T17:04:12.002+0000] {etl_sederhana_25_572885_PPA_07200.py:211} INFO - [LOAD] chart_category=/opt/airflow/docs/chart_sales_by_category.png
[2026-09-17T17:04:12.407+0000] {etl_sederhana_25_572885_PPA_07200.py:194} INFO - [LOAD] chart=/opt/airflow/docs/chart_total_sales_harian.png
[2026-09-17T17:04:12.410+0000] {etl_sederhana_25_572885_PPA_07200.py:241} INFO - [LOAD] selesai
[2026-09-17T17:04:12.412+0000] {python.py:240} INFO - Done. Returned value was: None
[2026-09-17T17:04:12.420+0000] {taskinstance.py:341} INFO - ::group::Post task execution logs
[2026-09-17T17:04:12.423+0000] {taskinstance.py:353} INFO - Marking task as SUCCESS. dag_id=etl_sederhana_25_572885_PPA_07200, task_id=load_data, run_id=manual__2026-09-17T17:03:03.311226+00:00, execution_date=20260917T170303, start_date=20260917T170410, end_date=20260917T170412
[2026-09-17T17:04:12.529+0000] {local_task_job_runner.py:266} INFO - Task exited with return code 0
[2026-09-17T17:04:12.545+0000] {taskinstance.py:3901} INFO - 0 downstream tasks scheduled from follow-on schedule check
[2026-09-17T17:04:12.548+0000] {local_task_job_runner.py:245} INFO - ::endgroup::
