[2026-09-15T13:52:17.371+0000] {local_task_job_runner.py:123} INFO - ::group::Pre task execution logs
[2026-09-15T13:52:17.380+0000] {taskinstance.py:2614} INFO - Dependencies all met for dep_context=non-requeueable deps ti=<TaskInstance: etl_sederhana_25_572885_PPA_07200.extract_data manual__2026-09-15T13:52:12.522769+00:00 [queued]>
[2026-09-15T13:52:17.389+0000] {taskinstance.py:2614} INFO - Dependencies all met for dep_context=requeueable deps ti=<TaskInstance: etl_sederhana_25_572885_PPA_07200.extract_data manual__2026-09-15T13:52:12.522769+00:00 [queued]>
[2026-09-15T13:52:17.392+0000] {taskinstance.py:2867} INFO - Starting attempt 1 of 2
[2026-09-15T13:52:17.417+0000] {taskinstance.py:2890} INFO - Executing <Task(PythonOperator): extract_data> on 2026-09-15 13:52:12.522769+00:00
[2026-09-15T13:52:17.451+0000] {standard_task_runner.py:104} INFO - Running: ['airflow', 'tasks', 'run', 'etl_sederhana_25_572885_PPA_07200', 'extract_data', 'manual__2026-09-15T13:52:12.522769+00:00', '--job-id', '27', '--raw', '--subdir', 'DAGS_FOLDER/etl_sederhana_25_572885_PPA_07200.py', '--cfg-path', '/tmp/tmpb4eq97la']
[2026-09-15T13:52:17.455+0000] {logging_mixin.py:190} WARNING - /home/airflow/.local/lib/python3.12/site-packages/airflow/task/task_runner/standard_task_runner.py:70 DeprecationWarning: This process (pid=1227) is multi-threaded, use of fork() may lead to deadlocks in the child.
[2026-09-15T13:52:17.457+0000] {standard_task_runner.py:105} INFO - Job 27: Subtask extract_data
[2026-09-15T13:52:17.458+0000] {standard_task_runner.py:72} INFO - Started process 1249 to run task
[2026-09-15T13:52:17.532+0000] {task_command.py:467} INFO - Running <TaskInstance: etl_sederhana_25_572885_PPA_07200.extract_data manual__2026-09-15T13:52:12.522769+00:00 [running]> on host 2d69d119d7e7
[2026-09-15T13:52:17.614+0000] {taskinstance.py:3134} INFO - Exporting env vars: AIRFLOW_CTX_DAG_OWNER='25/572885/PPA/07200' AIRFLOW_CTX_DAG_ID='etl_sederhana_25_572885_PPA_07200' AIRFLOW_CTX_TASK_ID='extract_data' AIRFLOW_CTX_EXECUTION_DATE='2026-09-15T13:52:12.522769+00:00' AIRFLOW_CTX_TRY_NUMBER='1' AIRFLOW_CTX_DAG_RUN_ID='manual__2026-09-15T13:52:12.522769+00:00'
[2026-09-15T13:52:17.617+0000] {taskinstance.py:732} INFO - ::endgroup::
[2026-09-15T13:52:17.635+0000] {etl_sederhana_25_572885_PPA_07200.py:29} INFO - [EXTRACT] mulai | file=/opt/airflow/data/raw/transactions.csv
[2026-09-15T13:52:17.853+0000] {etl_sederhana_25_572885_PPA_07200.py:40} INFO - [EXTRACT] selesai | rows=1800 | cols=7 | dest=/opt/airflow/data/staging/extracted.csv
[2026-09-15T13:52:17.854+0000] {etl_sederhana_25_572885_PPA_07200.py:46} INFO - [EXTRACT] kolom=['order_id', 'order_date', 'product', 'category', 'quantity', 'sales', 'region']
[2026-09-15T13:52:17.855+0000] {python.py:240} INFO - Done. Returned value was: None
[2026-09-15T13:52:17.861+0000] {taskinstance.py:341} INFO - ::group::Post task execution logs
[2026-09-15T13:52:17.862+0000] {taskinstance.py:353} INFO - Marking task as SUCCESS. dag_id=etl_sederhana_25_572885_PPA_07200, task_id=extract_data, run_id=manual__2026-09-15T13:52:12.522769+00:00, execution_date=20260915T135212, start_date=20260915T135217, end_date=20260915T135217
[2026-09-15T13:52:17.998+0000] {local_task_job_runner.py:266} INFO - Task exited with return code 0
[2026-09-15T13:52:18.021+0000] {taskinstance.py:3901} INFO - 1 downstream tasks scheduled from follow-on schedule check
[2026-09-15T13:52:18.052+0000] {local_task_job_runner.py:245} INFO - ::endgroup::
