[2026-09-15T13:33:08.679+0000] {local_task_job_runner.py:123} INFO - ::group::Pre task execution logs
[2026-09-15T13:33:08.695+0000] {taskinstance.py:2614} INFO - Dependencies all met for dep_context=non-requeueable deps ti=<TaskInstance: etl_sederhana_25_572885_PPA_07200.transform_data scheduled__2026-09-14T00:00:00+00:00 [queued]>
[2026-09-15T13:33:08.704+0000] {taskinstance.py:2614} INFO - Dependencies all met for dep_context=requeueable deps ti=<TaskInstance: etl_sederhana_25_572885_PPA_07200.transform_data scheduled__2026-09-14T00:00:00+00:00 [queued]>
[2026-09-15T13:33:08.706+0000] {taskinstance.py:2867} INFO - Starting attempt 1 of 2
[2026-09-15T13:33:08.728+0000] {taskinstance.py:2890} INFO - Executing <Task(PythonOperator): transform_data> on 2026-09-14 00:00:00+00:00
[2026-09-15T13:33:08.766+0000] {standard_task_runner.py:104} INFO - Running: ['airflow', 'tasks', 'run', 'etl_sederhana_25_572885_PPA_07200', 'transform_data', 'scheduled__2026-09-14T00:00:00+00:00', '--job-id', '4', '--raw', '--subdir', 'DAGS_FOLDER/etl_sederhana_25_572885_PPA_07200.py', '--cfg-path', '/tmp/tmpisos18du']
[2026-09-15T13:33:08.771+0000] {standard_task_runner.py:105} INFO - Job 4: Subtask transform_data
[2026-09-15T13:33:08.771+0000] {logging_mixin.py:190} WARNING - /home/airflow/.local/lib/python3.12/site-packages/airflow/task/task_runner/standard_task_runner.py:70 DeprecationWarning: This process (pid=329) is multi-threaded, use of fork() may lead to deadlocks in the child.
[2026-09-15T13:33:08.774+0000] {standard_task_runner.py:72} INFO - Started process 351 to run task
[2026-09-15T13:33:08.852+0000] {task_command.py:467} INFO - Running <TaskInstance: etl_sederhana_25_572885_PPA_07200.transform_data scheduled__2026-09-14T00:00:00+00:00 [running]> on host 2d69d119d7e7
[2026-09-15T13:33:08.944+0000] {taskinstance.py:3134} INFO - Exporting env vars: AIRFLOW_CTX_DAG_OWNER='25/572885/PPA/07200' AIRFLOW_CTX_DAG_ID='etl_sederhana_25_572885_PPA_07200' AIRFLOW_CTX_TASK_ID='transform_data' AIRFLOW_CTX_EXECUTION_DATE='2026-09-14T00:00:00+00:00' AIRFLOW_CTX_TRY_NUMBER='1' AIRFLOW_CTX_DAG_RUN_ID='scheduled__2026-09-14T00:00:00+00:00'
[2026-09-15T13:33:08.969+0000] {taskinstance.py:732} INFO - ::endgroup::
[2026-09-15T13:33:09.009+0000] {etl_sederhana_25_572885_PPA_07200.py:54} INFO - [TRANSFORM] placeholder
[2026-09-15T13:33:09.063+0000] {python.py:240} INFO - Done. Returned value was: None
[2026-09-15T13:33:09.147+0000] {taskinstance.py:341} INFO - ::group::Post task execution logs
[2026-09-15T13:33:09.278+0000] {taskinstance.py:353} INFO - Marking task as SUCCESS. dag_id=etl_sederhana_25_572885_PPA_07200, task_id=transform_data, run_id=scheduled__2026-09-14T00:00:00+00:00, execution_date=20260914T000000, start_date=20260915T133308, end_date=20260915T133309
[2026-09-15T13:33:09.516+0000] {local_task_job_runner.py:266} INFO - Task exited with return code 0
[2026-09-15T13:33:09.534+0000] {taskinstance.py:3901} INFO - 1 downstream tasks scheduled from follow-on schedule check
[2026-09-15T13:33:09.547+0000] {local_task_job_runner.py:245} INFO - ::endgroup::
[2026-09-15T15:06:06.146+0000] {local_task_job_runner.py:123} INFO - ::group::Pre task execution logs
[2026-09-15T15:06:06.178+0000] {taskinstance.py:2614} INFO - Dependencies all met for dep_context=non-requeueable deps ti=<TaskInstance: etl_sederhana_25_572885_PPA_07200.transform_data scheduled__2026-09-14T00:00:00+00:00 [queued]>
[2026-09-15T15:06:06.200+0000] {taskinstance.py:2614} INFO - Dependencies all met for dep_context=requeueable deps ti=<TaskInstance: etl_sederhana_25_572885_PPA_07200.transform_data scheduled__2026-09-14T00:00:00+00:00 [queued]>
[2026-09-15T15:06:06.206+0000] {taskinstance.py:2867} INFO - Starting attempt 1 of 2
[2026-09-15T15:06:06.235+0000] {taskinstance.py:2890} INFO - Executing <Task(PythonOperator): transform_data> on 2026-09-14 00:00:00+00:00
[2026-09-15T15:06:06.262+0000] {standard_task_runner.py:104} INFO - Running: ['airflow', 'tasks', 'run', 'etl_sederhana_25_572885_PPA_07200', 'transform_data', 'scheduled__2026-09-14T00:00:00+00:00', '--job-id', '6', '--raw', '--subdir', 'DAGS_FOLDER/etl_sederhana_25_572885_PPA_07200.py', '--cfg-path', '/tmp/tmpdhw4qhdp']
[2026-09-15T15:06:06.267+0000] {logging_mixin.py:190} WARNING - /home/airflow/.local/lib/python3.12/site-packages/airflow/task/task_runner/standard_task_runner.py:70 DeprecationWarning: This process (pid=364) is multi-threaded, use of fork() may lead to deadlocks in the child.
[2026-09-15T15:06:06.270+0000] {standard_task_runner.py:105} INFO - Job 6: Subtask transform_data
[2026-09-15T15:06:06.272+0000] {standard_task_runner.py:72} INFO - Started process 386 to run task
[2026-09-15T15:06:06.384+0000] {task_command.py:467} INFO - Running <TaskInstance: etl_sederhana_25_572885_PPA_07200.transform_data scheduled__2026-09-14T00:00:00+00:00 [running]> on host d74b72883bb0
[2026-09-15T15:06:06.469+0000] {taskinstance.py:3134} INFO - Exporting env vars: AIRFLOW_CTX_DAG_OWNER='25/572885/PPA/07200' AIRFLOW_CTX_DAG_ID='etl_sederhana_25_572885_PPA_07200' AIRFLOW_CTX_TASK_ID='transform_data' AIRFLOW_CTX_EXECUTION_DATE='2026-09-14T00:00:00+00:00' AIRFLOW_CTX_TRY_NUMBER='1' AIRFLOW_CTX_DAG_RUN_ID='scheduled__2026-09-14T00:00:00+00:00'
[2026-09-15T15:06:06.590+0000] {taskinstance.py:732} INFO - ::endgroup::
[2026-09-15T15:06:06.612+0000] {etl_sederhana_25_572885_PPA_07200.py:118} INFO - [TRANSFORM] mulai | file=/opt/airflow/data/staging/extracted.csv
[2026-09-15T15:06:07.128+0000] {etl_sederhana_25_572885_PPA_07200.py:125} INFO - [TRANSFORM] tanggal_tidak_terparse=83
[2026-09-15T15:06:07.403+0000] {etl_sederhana_25_572885_PPA_07200.py:157} INFO - [TRANSFORM] group_by=order_date | groups=616 | total_sales=3648994.68 | dest=/opt/airflow/data/staging/transformed.csv
[2026-09-15T15:06:07.405+0000] {etl_sederhana_25_572885_PPA_07200.py:163} INFO - [TRANSFORM] group_by=category | groups=4 | dest=/opt/airflow/data/staging/transformed_by_category.csv
[2026-09-15T15:06:07.407+0000] {etl_sederhana_25_572885_PPA_07200.py:169} INFO - [TRANSFORM] rentang_tanggal=2024-02-18 s.d. 2026-02-17
[2026-09-15T15:06:07.409+0000] {etl_sederhana_25_572885_PPA_07200.py:174} INFO - [TRANSFORM] selesai
[2026-09-15T15:06:07.411+0000] {python.py:240} INFO - Done. Returned value was: None
[2026-09-15T15:06:07.419+0000] {taskinstance.py:341} INFO - ::group::Post task execution logs
[2026-09-15T15:06:07.422+0000] {taskinstance.py:353} INFO - Marking task as SUCCESS. dag_id=etl_sederhana_25_572885_PPA_07200, task_id=transform_data, run_id=scheduled__2026-09-14T00:00:00+00:00, execution_date=20260914T000000, start_date=20260915T150606, end_date=20260915T150607
[2026-09-15T15:06:07.499+0000] {local_task_job_runner.py:266} INFO - Task exited with return code 0
[2026-09-15T15:06:07.522+0000] {taskinstance.py:3901} INFO - 1 downstream tasks scheduled from follow-on schedule check
[2026-09-15T15:06:07.529+0000] {local_task_job_runner.py:245} INFO - ::endgroup::
