[2026-09-15T13:32:51.292+0000] {local_task_job_runner.py:123} INFO - ::group::Pre task execution logs
[2026-09-15T13:32:51.313+0000] {taskinstance.py:2614} INFO - Dependencies all met for dep_context=non-requeueable deps ti=<TaskInstance: etl_sederhana_25_572885_PPA_07200.extract_data scheduled__2026-09-14T00:00:00+00:00 [queued]>
[2026-09-15T13:32:51.327+0000] {taskinstance.py:2614} INFO - Dependencies all met for dep_context=requeueable deps ti=<TaskInstance: etl_sederhana_25_572885_PPA_07200.extract_data scheduled__2026-09-14T00:00:00+00:00 [queued]>
[2026-09-15T13:32:51.330+0000] {taskinstance.py:2867} INFO - Starting attempt 1 of 2
[2026-09-15T13:32:51.364+0000] {taskinstance.py:2890} INFO - Executing <Task(PythonOperator): extract_data> on 2026-09-14 00:00:00+00:00
[2026-09-15T13:32:51.396+0000] {standard_task_runner.py:104} INFO - Running: ['airflow', 'tasks', 'run', 'etl_sederhana_25_572885_PPA_07200', 'extract_data', 'scheduled__2026-09-14T00:00:00+00:00', '--job-id', '2', '--raw', '--subdir', 'DAGS_FOLDER/etl_sederhana_25_572885_PPA_07200.py', '--cfg-path', '/tmp/tmpvf1r0764']
[2026-09-15T13:32:51.405+0000] {standard_task_runner.py:105} INFO - Job 2: Subtask extract_data
[2026-09-15T13:32:51.405+0000] {logging_mixin.py:190} WARNING - /home/airflow/.local/lib/python3.12/site-packages/airflow/task/task_runner/standard_task_runner.py:70 DeprecationWarning: This process (pid=270) is multi-threaded, use of fork() may lead to deadlocks in the child.
[2026-09-15T13:32:51.409+0000] {standard_task_runner.py:72} INFO - Started process 292 to run task
[2026-09-15T13:32:51.541+0000] {task_command.py:467} INFO - Running <TaskInstance: etl_sederhana_25_572885_PPA_07200.extract_data scheduled__2026-09-14T00:00:00+00:00 [running]> on host 2d69d119d7e7
[2026-09-15T13:32:51.730+0000] {taskinstance.py:3134} INFO - Exporting env vars: AIRFLOW_CTX_DAG_OWNER='25/572885/PPA/07200' AIRFLOW_CTX_DAG_ID='etl_sederhana_25_572885_PPA_07200' AIRFLOW_CTX_TASK_ID='extract_data' AIRFLOW_CTX_EXECUTION_DATE='2026-09-14T00:00:00+00:00' AIRFLOW_CTX_TRY_NUMBER='1' AIRFLOW_CTX_DAG_RUN_ID='scheduled__2026-09-14T00:00:00+00:00'
[2026-09-15T13:32:51.742+0000] {taskinstance.py:732} INFO - ::endgroup::
[2026-09-15T13:32:51.883+0000] {etl_sederhana_25_572885_PPA_07200.py:27} INFO - [EXTRACT] placeholder | raw=/opt/airflow/data/raw/transactions.csv
[2026-09-15T13:32:51.887+0000] {python.py:240} INFO - Done. Returned value was: None
[2026-09-15T13:32:51.896+0000] {taskinstance.py:341} INFO - ::group::Post task execution logs
[2026-09-15T13:32:51.899+0000] {taskinstance.py:353} INFO - Marking task as SUCCESS. dag_id=etl_sederhana_25_572885_PPA_07200, task_id=extract_data, run_id=scheduled__2026-09-14T00:00:00+00:00, execution_date=20260914T000000, start_date=20260915T133251, end_date=20260915T133251
[2026-09-15T13:32:51.995+0000] {local_task_job_runner.py:266} INFO - Task exited with return code 0
[2026-09-15T13:32:52.040+0000] {taskinstance.py:3901} INFO - 1 downstream tasks scheduled from follow-on schedule check
[2026-09-15T13:32:52.058+0000] {local_task_job_runner.py:245} INFO - ::endgroup::
[2026-09-15T15:05:11.485+0000] {local_task_job_runner.py:123} INFO - ::group::Pre task execution logs
[2026-09-15T15:05:11.510+0000] {taskinstance.py:2614} INFO - Dependencies all met for dep_context=non-requeueable deps ti=<TaskInstance: etl_sederhana_25_572885_PPA_07200.extract_data scheduled__2026-09-14T00:00:00+00:00 [queued]>
[2026-09-15T15:05:11.526+0000] {taskinstance.py:2614} INFO - Dependencies all met for dep_context=requeueable deps ti=<TaskInstance: etl_sederhana_25_572885_PPA_07200.extract_data scheduled__2026-09-14T00:00:00+00:00 [queued]>
[2026-09-15T15:05:11.529+0000] {taskinstance.py:2867} INFO - Starting attempt 1 of 2
[2026-09-15T15:05:11.558+0000] {taskinstance.py:2890} INFO - Executing <Task(PythonOperator): extract_data> on 2026-09-14 00:00:00+00:00
[2026-09-15T15:05:11.606+0000] {logging_mixin.py:190} WARNING - /home/airflow/.local/lib/python3.12/site-packages/airflow/task/task_runner/standard_task_runner.py:70 DeprecationWarning: This process (pid=251) is multi-threaded, use of fork() may lead to deadlocks in the child.
[2026-09-15T15:05:11.605+0000] {standard_task_runner.py:104} INFO - Running: ['airflow', 'tasks', 'run', 'etl_sederhana_25_572885_PPA_07200', 'extract_data', 'scheduled__2026-09-14T00:00:00+00:00', '--job-id', '2', '--raw', '--subdir', 'DAGS_FOLDER/etl_sederhana_25_572885_PPA_07200.py', '--cfg-path', '/tmp/tmpi4ju4hzj']
[2026-09-15T15:05:11.615+0000] {standard_task_runner.py:72} INFO - Started process 273 to run task
[2026-09-15T15:05:11.619+0000] {standard_task_runner.py:105} INFO - Job 2: Subtask extract_data
[2026-09-15T15:05:11.824+0000] {task_command.py:467} INFO - Running <TaskInstance: etl_sederhana_25_572885_PPA_07200.extract_data scheduled__2026-09-14T00:00:00+00:00 [running]> on host d74b72883bb0
[2026-09-15T15:05:11.972+0000] {taskinstance.py:3134} INFO - Exporting env vars: AIRFLOW_CTX_DAG_OWNER='25/572885/PPA/07200' AIRFLOW_CTX_DAG_ID='etl_sederhana_25_572885_PPA_07200' AIRFLOW_CTX_TASK_ID='extract_data' AIRFLOW_CTX_EXECUTION_DATE='2026-09-14T00:00:00+00:00' AIRFLOW_CTX_TRY_NUMBER='1' AIRFLOW_CTX_DAG_RUN_ID='scheduled__2026-09-14T00:00:00+00:00'
[2026-09-15T15:05:11.981+0000] {taskinstance.py:732} INFO - ::endgroup::
[2026-09-15T15:05:12.095+0000] {etl_sederhana_25_572885_PPA_07200.py:58} INFO - [EXTRACT] mulai | file=/opt/airflow/data/raw/transactions.csv
[2026-09-15T15:05:12.344+0000] {etl_sederhana_25_572885_PPA_07200.py:67} INFO - [EXTRACT] selesai | rows=1800 | cols=7 | dest=/opt/airflow/data/staging/extracted.csv
[2026-09-15T15:05:12.351+0000] {etl_sederhana_25_572885_PPA_07200.py:73} INFO - [EXTRACT] kolom=['order_id', 'order_date', 'product', 'category', 'quantity', 'sales', 'region']
[2026-09-15T15:05:12.361+0000] {python.py:240} INFO - Done. Returned value was: None
[2026-09-15T15:05:12.385+0000] {taskinstance.py:341} INFO - ::group::Post task execution logs
[2026-09-15T15:05:12.400+0000] {taskinstance.py:353} INFO - Marking task as SUCCESS. dag_id=etl_sederhana_25_572885_PPA_07200, task_id=extract_data, run_id=scheduled__2026-09-14T00:00:00+00:00, execution_date=20260914T000000, start_date=20260915T150511, end_date=20260915T150512
[2026-09-15T15:05:12.566+0000] {local_task_job_runner.py:266} INFO - Task exited with return code 0
[2026-09-15T15:05:12.631+0000] {taskinstance.py:3901} INFO - 1 downstream tasks scheduled from follow-on schedule check
[2026-09-15T15:05:12.658+0000] {local_task_job_runner.py:245} INFO - ::endgroup::
