[2026-09-15T15:05:24.764+0000] {local_task_job_runner.py:123} INFO - ::group::Pre task execution logs
[2026-09-15T15:05:24.833+0000] {taskinstance.py:2614} INFO - Dependencies all met for dep_context=non-requeueable deps ti=<TaskInstance: etl_sederhana_25_572885_PPA_07200.extract_data manual__2026-09-15T15:04:56.027488+00:00 [queued]>
[2026-09-15T15:05:24.853+0000] {taskinstance.py:2614} INFO - Dependencies all met for dep_context=requeueable deps ti=<TaskInstance: etl_sederhana_25_572885_PPA_07200.extract_data manual__2026-09-15T15:04:56.027488+00:00 [queued]>
[2026-09-15T15:05:24.861+0000] {taskinstance.py:2867} INFO - Starting attempt 1 of 2
[2026-09-15T15:05:24.898+0000] {taskinstance.py:2890} INFO - Executing <Task(PythonOperator): extract_data> on 2026-09-15 15:04:56.027488+00:00
[2026-09-15T15:05:24.936+0000] {standard_task_runner.py:104} INFO - Running: ['airflow', 'tasks', 'run', 'etl_sederhana_25_572885_PPA_07200', 'extract_data', 'manual__2026-09-15T15:04:56.027488+00:00', '--job-id', '3', '--raw', '--subdir', 'DAGS_FOLDER/etl_sederhana_25_572885_PPA_07200.py', '--cfg-path', '/tmp/tmpzzqcjdqs']
[2026-09-15T15:05:24.942+0000] {logging_mixin.py:190} WARNING - /home/airflow/.local/lib/python3.12/site-packages/airflow/task/task_runner/standard_task_runner.py:70 DeprecationWarning: This process (pid=275) is multi-threaded, use of fork() may lead to deadlocks in the child.
[2026-09-15T15:05:24.953+0000] {standard_task_runner.py:105} INFO - Job 3: Subtask extract_data
[2026-09-15T15:05:24.964+0000] {standard_task_runner.py:72} INFO - Started process 297 to run task
[2026-09-15T15:05:25.190+0000] {task_command.py:467} INFO - Running <TaskInstance: etl_sederhana_25_572885_PPA_07200.extract_data manual__2026-09-15T15:04:56.027488+00:00 [running]> on host d74b72883bb0
[2026-09-15T15:05:25.316+0000] {taskinstance.py:3134} INFO - Exporting env vars: AIRFLOW_CTX_DAG_OWNER='25/572885/PPA/07200' AIRFLOW_CTX_DAG_ID='etl_sederhana_25_572885_PPA_07200' AIRFLOW_CTX_TASK_ID='extract_data' AIRFLOW_CTX_EXECUTION_DATE='2026-09-15T15:04:56.027488+00:00' AIRFLOW_CTX_TRY_NUMBER='1' AIRFLOW_CTX_DAG_RUN_ID='manual__2026-09-15T15:04:56.027488+00:00'
[2026-09-15T15:05:25.342+0000] {taskinstance.py:732} INFO - ::endgroup::
[2026-09-15T15:05:25.387+0000] {etl_sederhana_25_572885_PPA_07200.py:58} INFO - [EXTRACT] mulai | file=/opt/airflow/data/raw/transactions.csv
[2026-09-15T15:05:25.927+0000] {etl_sederhana_25_572885_PPA_07200.py:67} INFO - [EXTRACT] selesai | rows=1800 | cols=7 | dest=/opt/airflow/data/staging/extracted.csv
[2026-09-15T15:05:25.938+0000] {etl_sederhana_25_572885_PPA_07200.py:73} INFO - [EXTRACT] kolom=['order_id', 'order_date', 'product', 'category', 'quantity', 'sales', 'region']
[2026-09-15T15:05:25.948+0000] {python.py:240} INFO - Done. Returned value was: None
[2026-09-15T15:05:25.963+0000] {taskinstance.py:341} INFO - ::group::Post task execution logs
[2026-09-15T15:05:25.992+0000] {taskinstance.py:353} INFO - Marking task as SUCCESS. dag_id=etl_sederhana_25_572885_PPA_07200, task_id=extract_data, run_id=manual__2026-09-15T15:04:56.027488+00:00, execution_date=20260915T150456, start_date=20260915T150524, end_date=20260915T150525
[2026-09-15T15:05:26.219+0000] {local_task_job_runner.py:266} INFO - Task exited with return code 0
[2026-09-15T15:05:26.294+0000] {taskinstance.py:3901} INFO - 1 downstream tasks scheduled from follow-on schedule check
[2026-09-15T15:05:26.324+0000] {local_task_job_runner.py:245} INFO - ::endgroup::
