[2026-09-15T13:51:38.195+0000] {local_task_job_runner.py:123} INFO - ::group::Pre task execution logs
[2026-09-15T13:51:38.214+0000] {taskinstance.py:2614} INFO - Dependencies all met for dep_context=non-requeueable deps ti=<TaskInstance: etl_sederhana_25_572885_PPA_07200.load_data manual__2026-09-15T13:48:04.054529+00:00 [queued]>
[2026-09-15T13:51:38.226+0000] {taskinstance.py:2614} INFO - Dependencies all met for dep_context=requeueable deps ti=<TaskInstance: etl_sederhana_25_572885_PPA_07200.load_data manual__2026-09-15T13:48:04.054529+00:00 [queued]>
[2026-09-15T13:51:38.229+0000] {taskinstance.py:2867} INFO - Starting attempt 2 of 2
[2026-09-15T13:51:38.255+0000] {taskinstance.py:2890} INFO - Executing <Task(PythonOperator): load_data> on 2026-09-15 13:48:04.054529+00:00
[2026-09-15T13:51:38.310+0000] {standard_task_runner.py:104} INFO - Running: ['airflow', 'tasks', 'run', 'etl_sederhana_25_572885_PPA_07200', 'load_data', 'manual__2026-09-15T13:48:04.054529+00:00', '--job-id', '26', '--raw', '--subdir', 'DAGS_FOLDER/etl_sederhana_25_572885_PPA_07200.py', '--cfg-path', '/tmp/tmp9d3lpv5z']
[2026-09-15T13:51:38.315+0000] {logging_mixin.py:190} WARNING - /home/airflow/.local/lib/python3.12/site-packages/airflow/task/task_runner/standard_task_runner.py:70 DeprecationWarning: This process (pid=1187) is multi-threaded, use of fork() may lead to deadlocks in the child.
[2026-09-15T13:51:38.316+0000] {standard_task_runner.py:105} INFO - Job 26: Subtask load_data
[2026-09-15T13:51:38.318+0000] {standard_task_runner.py:72} INFO - Started process 1216 to run task
[2026-09-15T13:51:38.401+0000] {task_command.py:467} INFO - Running <TaskInstance: etl_sederhana_25_572885_PPA_07200.load_data manual__2026-09-15T13:48:04.054529+00:00 [running]> on host 2d69d119d7e7
[2026-09-15T13:51:38.489+0000] {taskinstance.py:3134} INFO - Exporting env vars: AIRFLOW_CTX_DAG_OWNER='25/572885/PPA/07200' AIRFLOW_CTX_DAG_ID='etl_sederhana_25_572885_PPA_07200' AIRFLOW_CTX_TASK_ID='load_data' AIRFLOW_CTX_EXECUTION_DATE='2026-09-15T13:48:04.054529+00:00' AIRFLOW_CTX_TRY_NUMBER='2' AIRFLOW_CTX_DAG_RUN_ID='manual__2026-09-15T13:48:04.054529+00:00'
[2026-09-15T13:51:38.493+0000] {taskinstance.py:732} INFO - ::endgroup::
[2026-09-15T13:51:38.512+0000] {etl_sederhana_25_572885_PPA_07200.py:133} INFO - [LOAD] mulai | file=/opt/airflow/data/staging/transformed.csv
[2026-09-15T13:51:38.579+0000] {taskinstance.py:3313} ERROR - Task failed with exception
Traceback (most recent call last):
  File "/opt/airflow/dags/etl_sederhana_25_572885_PPA_07200.py", line 153, in load_data
    os.replace(tmp_path, OUTPUT_PATH)
PermissionError: [Errno 13] Permission denied: '/opt/airflow/data/output/tmpv1qzrqod.csv' -> '/opt/airflow/data/output/sales_daily.csv'

The above exception was the direct cause of the following exception:

Traceback (most recent call last):
  File "/home/airflow/.local/lib/python3.12/site-packages/airflow/models/taskinstance.py", line 768, in _execute_task
    result = _execute_callable(context=context, **execute_callable_kwargs)
             ^^^^^^^^^^^^^^^^^^^^^^^^^^^^^^^^^^^^^^^^^^^^^^^^^^^^^^^^^^^^^
  File "/home/airflow/.local/lib/python3.12/site-packages/airflow/models/taskinstance.py", line 734, in _execute_callable
    return ExecutionCallableRunner(
           ^^^^^^^^^^^^^^^^^^^^^^^^
  File "/home/airflow/.local/lib/python3.12/site-packages/airflow/utils/operator_helpers.py", line 252, in run
    return self.func(*args, **kwargs)
           ^^^^^^^^^^^^^^^^^^^^^^^^^^
  File "/home/airflow/.local/lib/python3.12/site-packages/airflow/models/baseoperator.py", line 424, in wrapper
    return func(self, *args, **kwargs)
           ^^^^^^^^^^^^^^^^^^^^^^^^^^^
  File "/home/airflow/.local/lib/python3.12/site-packages/airflow/operators/python.py", line 238, in execute
    return_value = self.execute_callable()
                   ^^^^^^^^^^^^^^^^^^^^^^^
  File "/home/airflow/.local/lib/python3.12/site-packages/airflow/operators/python.py", line 256, in execute_callable
    return runner.run(*self.op_args, **self.op_kwargs)
           ^^^^^^^^^^^^^^^^^^^^^^^^^^^^^^^^^^^^^^^^^^^
  File "/home/airflow/.local/lib/python3.12/site-packages/airflow/utils/operator_helpers.py", line 252, in run
    return self.func(*args, **kwargs)
           ^^^^^^^^^^^^^^^^^^^^^^^^^^
  File "/opt/airflow/dags/etl_sederhana_25_572885_PPA_07200.py", line 155, in load_data
    raise PermissionError(
PermissionError: Gagal menulis output. Tutup file sales_daily.csv di Excel/VS Code, lalu trigger ulang.
[2026-09-15T13:51:38.597+0000] {taskinstance.py:1226} INFO - Marking task as FAILED. dag_id=etl_sederhana_25_572885_PPA_07200, task_id=load_data, run_id=manual__2026-09-15T13:48:04.054529+00:00, execution_date=20260915T134804, start_date=20260915T135138, end_date=20260915T135138
[2026-09-15T13:51:38.629+0000] {taskinstance.py:341} INFO - ::group::Post task execution logs
[2026-09-15T13:51:38.632+0000] {standard_task_runner.py:124} ERROR - Failed to execute job 26 for task load_data (Gagal menulis output. Tutup file sales_daily.csv di Excel/VS Code, lalu trigger ulang.; 1216)
Traceback (most recent call last):
  File "/opt/airflow/dags/etl_sederhana_25_572885_PPA_07200.py", line 153, in load_data
    os.replace(tmp_path, OUTPUT_PATH)
PermissionError: [Errno 13] Permission denied: '/opt/airflow/data/output/tmpv1qzrqod.csv' -> '/opt/airflow/data/output/sales_daily.csv'

The above exception was the direct cause of the following exception:

Traceback (most recent call last):
  File "/home/airflow/.local/lib/python3.12/site-packages/airflow/task/task_runner/standard_task_runner.py", line 117, in _start_by_fork
    ret = args.func(args, dag=self.dag)
          ^^^^^^^^^^^^^^^^^^^^^^^^^^^^^
  File "/home/airflow/.local/lib/python3.12/site-packages/airflow/cli/cli_config.py", line 49, in command
    return func(*args, **kwargs)
           ^^^^^^^^^^^^^^^^^^^^^
  File "/home/airflow/.local/lib/python3.12/site-packages/airflow/utils/cli.py", line 116, in wrapper
    return f(*args, **kwargs)
           ^^^^^^^^^^^^^^^^^^
  File "/home/airflow/.local/lib/python3.12/site-packages/airflow/cli/commands/task_command.py", line 483, in task_run
    task_return_code = _run_task_by_selected_method(args, _dag, ti)
                       ^^^^^^^^^^^^^^^^^^^^^^^^^^^^^^^^^^^^^^^^^^^^
  File "/home/airflow/.local/lib/python3.12/site-packages/airflow/cli/commands/task_command.py", line 256, in _run_task_by_selected_method
    return _run_raw_task(args, ti)
           ^^^^^^^^^^^^^^^^^^^^^^^
  File "/home/airflow/.local/lib/python3.12/site-packages/airflow/cli/commands/task_command.py", line 341, in _run_raw_task
    return ti._run_raw_task(
           ^^^^^^^^^^^^^^^^^
  File "/home/airflow/.local/lib/python3.12/site-packages/airflow/utils/session.py", line 97, in wrapper
    return func(*args, session=session, **kwargs)
           ^^^^^^^^^^^^^^^^^^^^^^^^^^^^^^^^^^^^^^
  File "/home/airflow/.local/lib/python3.12/site-packages/airflow/models/taskinstance.py", line 3006, in _run_raw_task
    return _run_raw_task(
           ^^^^^^^^^^^^^^
  File "/home/airflow/.local/lib/python3.12/site-packages/airflow/models/taskinstance.py", line 274, in _run_raw_task
    TaskInstance._execute_task_with_callbacks(
  File "/home/airflow/.local/lib/python3.12/site-packages/airflow/models/taskinstance.py", line 3161, in _execute_task_with_callbacks
    result = self._execute_task(context, task_orig)
             ^^^^^^^^^^^^^^^^^^^^^^^^^^^^^^^^^^^^^^
  File "/home/airflow/.local/lib/python3.12/site-packages/airflow/models/taskinstance.py", line 3185, in _execute_task
    return _execute_task(self, context, task_orig)
           ^^^^^^^^^^^^^^^^^^^^^^^^^^^^^^^^^^^^^^^
  File "/home/airflow/.local/lib/python3.12/site-packages/airflow/models/taskinstance.py", line 768, in _execute_task
    result = _execute_callable(context=context, **execute_callable_kwargs)
             ^^^^^^^^^^^^^^^^^^^^^^^^^^^^^^^^^^^^^^^^^^^^^^^^^^^^^^^^^^^^^
  File "/home/airflow/.local/lib/python3.12/site-packages/airflow/models/taskinstance.py", line 734, in _execute_callable
    return ExecutionCallableRunner(
           ^^^^^^^^^^^^^^^^^^^^^^^^
  File "/home/airflow/.local/lib/python3.12/site-packages/airflow/utils/operator_helpers.py", line 252, in run
    return self.func(*args, **kwargs)
           ^^^^^^^^^^^^^^^^^^^^^^^^^^
  File "/home/airflow/.local/lib/python3.12/site-packages/airflow/models/baseoperator.py", line 424, in wrapper
    return func(self, *args, **kwargs)
           ^^^^^^^^^^^^^^^^^^^^^^^^^^^
  File "/home/airflow/.local/lib/python3.12/site-packages/airflow/operators/python.py", line 238, in execute
    return_value = self.execute_callable()
                   ^^^^^^^^^^^^^^^^^^^^^^^
  File "/home/airflow/.local/lib/python3.12/site-packages/airflow/operators/python.py", line 256, in execute_callable
    return runner.run(*self.op_args, **self.op_kwargs)
           ^^^^^^^^^^^^^^^^^^^^^^^^^^^^^^^^^^^^^^^^^^^
  File "/home/airflow/.local/lib/python3.12/site-packages/airflow/utils/operator_helpers.py", line 252, in run
    return self.func(*args, **kwargs)
           ^^^^^^^^^^^^^^^^^^^^^^^^^^
  File "/opt/airflow/dags/etl_sederhana_25_572885_PPA_07200.py", line 155, in load_data
    raise PermissionError(
PermissionError: Gagal menulis output. Tutup file sales_daily.csv di Excel/VS Code, lalu trigger ulang.
[2026-09-15T13:51:38.701+0000] {local_task_job_runner.py:266} INFO - Task exited with return code 1
[2026-09-15T13:51:38.712+0000] {taskinstance.py:3901} INFO - 0 downstream tasks scheduled from follow-on schedule check
[2026-09-15T13:51:38.714+0000] {local_task_job_runner.py:245} INFO - ::endgroup::
