[2026-09-17T13:44:07.615+0000] {local_task_job_runner.py:123} INFO - ::group::Pre task execution logs
[2026-09-17T13:44:07.641+0000] {taskinstance.py:2614} INFO - Dependencies all met for dep_context=non-requeueable deps ti=<TaskInstance: etl_sederhana_25_572885_PPA_07200.load_data scheduled__2026-09-16T00:00:00+00:00 [queued]>
[2026-09-17T13:44:07.672+0000] {taskinstance.py:2614} INFO - Dependencies all met for dep_context=requeueable deps ti=<TaskInstance: etl_sederhana_25_572885_PPA_07200.load_data scheduled__2026-09-16T00:00:00+00:00 [queued]>
[2026-09-17T13:44:07.690+0000] {taskinstance.py:2867} INFO - Starting attempt 1 of 2
[2026-09-17T13:44:07.733+0000] {taskinstance.py:2890} INFO - Executing <Task(PythonOperator): load_data> on 2026-09-16 00:00:00+00:00
[2026-09-17T13:44:07.747+0000] {standard_task_runner.py:104} INFO - Running: ['airflow', 'tasks', 'run', 'etl_sederhana_25_572885_PPA_07200', 'load_data', 'scheduled__2026-09-16T00:00:00+00:00', '--job-id', '14', '--raw', '--subdir', 'DAGS_FOLDER/etl_sederhana_25_572885_PPA_07200.py', '--cfg-path', '/tmp/tmps3fyvu97']
[2026-09-17T13:44:07.754+0000] {logging_mixin.py:190} WARNING - /home/airflow/.local/lib/python3.12/site-packages/airflow/task/task_runner/standard_task_runner.py:70 DeprecationWarning: This process (pid=298) is multi-threaded, use of fork() may lead to deadlocks in the child.
[2026-09-17T13:44:07.776+0000] {standard_task_runner.py:105} INFO - Job 14: Subtask load_data
[2026-09-17T13:44:07.804+0000] {standard_task_runner.py:72} INFO - Started process 327 to run task
[2026-09-17T13:44:09.166+0000] {task_command.py:467} INFO - Running <TaskInstance: etl_sederhana_25_572885_PPA_07200.load_data scheduled__2026-09-16T00:00:00+00:00 [running]> on host d74b72883bb0
[2026-09-17T13:44:09.262+0000] {taskinstance.py:3134} INFO - Exporting env vars: AIRFLOW_CTX_DAG_OWNER='25/572885/PPA/07200' AIRFLOW_CTX_DAG_ID='etl_sederhana_25_572885_PPA_07200' AIRFLOW_CTX_TASK_ID='load_data' AIRFLOW_CTX_EXECUTION_DATE='2026-09-16T00:00:00+00:00' AIRFLOW_CTX_TRY_NUMBER='1' AIRFLOW_CTX_DAG_RUN_ID='scheduled__2026-09-16T00:00:00+00:00'
[2026-09-17T13:44:09.282+0000] {taskinstance.py:732} INFO - ::endgroup::
[2026-09-17T13:44:09.315+0000] {etl_sederhana_25_572885_PPA_07200.py:198} INFO - [LOAD] mulai | file=/opt/airflow/data/staging/transformed.csv
[2026-09-17T13:44:10.089+0000] {etl_sederhana_25_572885_PPA_07200.py:210} INFO - [LOAD] written=616 | path=/opt/airflow/data/output/sales_daily.csv | size_bytes=15266
[2026-09-17T13:44:10.520+0000] {etl_sederhana_25_572885_PPA_07200.py:215} INFO - [LOAD] written_category=4 | path=/opt/airflow/data/output/sales_by_category.csv
[2026-09-17T13:44:11.047+0000] {etl_sederhana_25_572885_PPA_07200.py:193} INFO - [LOAD] chart=/opt/airflow/docs/chart_total_sales_harian.png
[2026-09-17T13:44:11.049+0000] {etl_sederhana_25_572885_PPA_07200.py:222} INFO - [LOAD] selesai
[2026-09-17T13:44:11.051+0000] {python.py:240} INFO - Done. Returned value was: None
[2026-09-17T13:44:11.058+0000] {taskinstance.py:341} INFO - ::group::Post task execution logs
[2026-09-17T13:44:11.061+0000] {taskinstance.py:353} INFO - Marking task as SUCCESS. dag_id=etl_sederhana_25_572885_PPA_07200, task_id=load_data, run_id=scheduled__2026-09-16T00:00:00+00:00, execution_date=20260916T000000, start_date=20260917T134407, end_date=20260917T134411
[2026-09-17T13:44:11.160+0000] {local_task_job_runner.py:266} INFO - Task exited with return code 0
[2026-09-17T13:44:11.176+0000] {taskinstance.py:3901} INFO - 0 downstream tasks scheduled from follow-on schedule check
[2026-09-17T13:44:11.179+0000] {local_task_job_runner.py:245} INFO - ::endgroup::
