[2026-09-15T15:06:14.849+0000] {local_task_job_runner.py:123} INFO - ::group::Pre task execution logs
[2026-09-15T15:06:14.870+0000] {taskinstance.py:2614} INFO - Dependencies all met for dep_context=non-requeueable deps ti=<TaskInstance: etl_sederhana_25_572885_PPA_07200.transform_data manual__2026-09-15T15:04:56.027488+00:00 [queued]>
[2026-09-15T15:06:14.882+0000] {taskinstance.py:2614} INFO - Dependencies all met for dep_context=requeueable deps ti=<TaskInstance: etl_sederhana_25_572885_PPA_07200.transform_data manual__2026-09-15T15:04:56.027488+00:00 [queued]>
[2026-09-15T15:06:14.885+0000] {taskinstance.py:2867} INFO - Starting attempt 1 of 2
[2026-09-15T15:06:14.907+0000] {taskinstance.py:2890} INFO - Executing <Task(PythonOperator): transform_data> on 2026-09-15 15:04:56.027488+00:00
[2026-09-15T15:06:14.936+0000] {logging_mixin.py:190} WARNING - /home/airflow/.local/lib/python3.12/site-packages/airflow/task/task_runner/standard_task_runner.py:70 DeprecationWarning: This process (pid=388) is multi-threaded, use of fork() may lead to deadlocks in the child.
[2026-09-15T15:06:14.931+0000] {standard_task_runner.py:104} INFO - Running: ['airflow', 'tasks', 'run', 'etl_sederhana_25_572885_PPA_07200', 'transform_data', 'manual__2026-09-15T15:04:56.027488+00:00', '--job-id', '7', '--raw', '--subdir', 'DAGS_FOLDER/etl_sederhana_25_572885_PPA_07200.py', '--cfg-path', '/tmp/tmpy4lrwff1']
[2026-09-15T15:06:14.941+0000] {standard_task_runner.py:72} INFO - Started process 410 to run task
[2026-09-15T15:06:14.944+0000] {standard_task_runner.py:105} INFO - Job 7: Subtask transform_data
[2026-09-15T15:06:15.058+0000] {task_command.py:467} INFO - Running <TaskInstance: etl_sederhana_25_572885_PPA_07200.transform_data manual__2026-09-15T15:04:56.027488+00:00 [running]> on host d74b72883bb0
[2026-09-15T15:06:15.166+0000] {taskinstance.py:3134} INFO - Exporting env vars: AIRFLOW_CTX_DAG_OWNER='25/572885/PPA/07200' AIRFLOW_CTX_DAG_ID='etl_sederhana_25_572885_PPA_07200' AIRFLOW_CTX_TASK_ID='transform_data' AIRFLOW_CTX_EXECUTION_DATE='2026-09-15T15:04:56.027488+00:00' AIRFLOW_CTX_TRY_NUMBER='1' AIRFLOW_CTX_DAG_RUN_ID='manual__2026-09-15T15:04:56.027488+00:00'
[2026-09-15T15:06:15.170+0000] {taskinstance.py:732} INFO - ::endgroup::
[2026-09-15T15:06:15.196+0000] {etl_sederhana_25_572885_PPA_07200.py:118} INFO - [TRANSFORM] mulai | file=/opt/airflow/data/staging/extracted.csv
[2026-09-15T15:06:15.238+0000] {etl_sederhana_25_572885_PPA_07200.py:125} INFO - [TRANSFORM] tanggal_tidak_terparse=83
[2026-09-15T15:06:15.380+0000] {etl_sederhana_25_572885_PPA_07200.py:157} INFO - [TRANSFORM] group_by=order_date | groups=616 | total_sales=3648994.68 | dest=/opt/airflow/data/staging/transformed.csv
[2026-09-15T15:06:15.384+0000] {etl_sederhana_25_572885_PPA_07200.py:163} INFO - [TRANSFORM] group_by=category | groups=4 | dest=/opt/airflow/data/staging/transformed_by_category.csv
[2026-09-15T15:06:15.387+0000] {etl_sederhana_25_572885_PPA_07200.py:169} INFO - [TRANSFORM] rentang_tanggal=2024-02-18 s.d. 2026-02-17
[2026-09-15T15:06:15.390+0000] {etl_sederhana_25_572885_PPA_07200.py:174} INFO - [TRANSFORM] selesai
[2026-09-15T15:06:15.393+0000] {python.py:240} INFO - Done. Returned value was: None
[2026-09-15T15:06:15.403+0000] {taskinstance.py:341} INFO - ::group::Post task execution logs
[2026-09-15T15:06:15.407+0000] {taskinstance.py:353} INFO - Marking task as SUCCESS. dag_id=etl_sederhana_25_572885_PPA_07200, task_id=transform_data, run_id=manual__2026-09-15T15:04:56.027488+00:00, execution_date=20260915T150456, start_date=20260915T150614, end_date=20260915T150615
[2026-09-15T15:06:15.487+0000] {local_task_job_runner.py:266} INFO - Task exited with return code 0
[2026-09-15T15:06:15.525+0000] {taskinstance.py:3901} INFO - 1 downstream tasks scheduled from follow-on schedule check
[2026-09-15T15:06:15.537+0000] {local_task_job_runner.py:245} INFO - ::endgroup::
